3 1 KDDS23600-I
3 2 Effective
3 3 right
3 4 for
3 5 Directory
3 6 is
3 7 [
3 8 WCEMF
3 9 ].
5 1 KDDS23608-I
5 2 Has
5 3 right
5 4 to
5 5 write
5 6 to
5 7 files.
5 8 (W)*
6 1 KDDS23612-I
6 2 Has
6 3 right
6 4 to
6 5 create
6 6 files
6 7 and
6 8 directories.
6 9 (C)
7 1 KDDS23616-I
7 2 Has
7 3 right
7 4 to
7 5 delete
7 6 directories.
7 7 (E)
8 1 KDDS23620-I
8 2 Has
8 3 right
8 4 to
8 5 modify
8 6 directories.
8 7 (M)*
9 1 KDDS23624-I
9 2 Has
9 3 right
9 4 to
9 5 search
9 6 files.
9 7 (F)
11 1 KDDS23632-I
11 2 Not
11 3 effective
11 4 in
11 5 directories
11 6 (denoted
11 7 by
11 8 *)
