3 1 KDDS23600-I
3 2 Effective
3 3 right
3 4 for
3 5 File
3 6 is
3 7 [
3 8 R
3 9 F
3 10 ].
5 1 KDDS23606-I
5 2 Has
5 3 right
5 4 to
5 5 read
5 6 files.
5 7 (R)
6 1 KDDS23625-I
6 2 Has
6 3 right
6 4 to
6 5 search
6 6 files.
6 7 (F)*
8 1 KDDS23632-I
8 2 Not
8 3 effective
8 4 in
8 5 files
8 6 (denoted
8 7 by
8 8 *)
