3 1 KDDS23600-I
3 2 Effective
3 3 right
3 4 for
3 5 Directory
3 6 is
3 7 [
3 8 WC
3 9 F
3 10 Q].
5 1 KDDS23608-I
5 2 Has
5 3 right
5 4 to
5 5 write
5 6 to
5 7 files.
5 8 (W)*
6 1 KDDS23612-I
6 2 Has
6 3 right
6 4 to
6 5 create
6 6 files
6 7 and
6 8 directories.
6 9 (C)
7 1 KDDS23624-I
7 2 Has
7 3 right
7 4 to
7 5 search
7 6 files.
7 7 (F)
8 1 KDDS23628-I
8 2 Has
8 3 right
8 4 to
8 5 modify
8 6 files
8 7 and
8 8 directories.
8 9 (Q)*
10 1 KDDS23632-I
10 2 Not
10 3 effective
10 4 in
10 5 directories
10 6 (denoted
10 7 by
10 8 *)
