3 1 KDDS23600-I
3 2 Effective
3 3 right
3 4 for
3 5 File
3 6 is
3 7 [
3 8 R
3 9 FA
3 10 ].
5 1 KDDS23606-I
5 2 Has
5 3 right
5 4 to
5 5 read
5 6 files.
5 7 (R)
6 1 KDDS23625-I
6 2 Has
6 3 right
6 4 to
6 5 search
6 6 files.
6 7 (F)*
7 1 KDDS23626-I
7 2 Has
7 3 right
7 4 to
7 5 modify
7 6 access
7 7 control
7 8 list.
7 9 (A)
9 1 KDDS23632-I
9 2 Not
9 3 effective
9 4 in
9 5 files
9 6 (denoted
9 7 by
9 8 *)
